Archive member included because of file (symbol)

c:/winavr-20100110/bin/../lib/gcc/avr/4.8.1/avr5\libgcc.a(_mulsi3.o)
                              bmp085.o (__mulsi3)
c:/winavr-20100110/bin/../lib/gcc/avr/4.8.1/avr5\libgcc.a(_divmodhi4.o)
                              main.o (__divmodhi4)
c:/winavr-20100110/bin/../lib/gcc/avr/4.8.1/avr5\libgcc.a(_udivmodsi4.o)
                              ds2415.o (__udivmodsi4)
c:/winavr-20100110/bin/../lib/gcc/avr/4.8.1/avr5\libgcc.a(_divmodsi4.o)
                              main.o (__divmodsi4)
c:/winavr-20100110/bin/../lib/gcc/avr/4.8.1/avr5\libgcc.a(_negsi2.o)
                              c:/winavr-20100110/bin/../lib/gcc/avr/4.8.1/avr5\libgcc.a(_divmodsi4.o) (__negsi2)
c:/winavr-20100110/bin/../lib/gcc/avr/4.8.1/avr5\libgcc.a(_exit.o)
                              c:/winavr-20100110/bin/../lib/gcc/avr/4.8.1/../../../../avr/lib/avr5/crtm168.o (exit)
c:/winavr-20100110/bin/../lib/gcc/avr/4.8.1/avr5\libgcc.a(_copy_data.o)
                              main.o (__do_copy_data)
c:/winavr-20100110/bin/../lib/gcc/avr/4.8.1/avr5\libgcc.a(_clear_bss.o)
                              main.o (__do_clear_bss)
c:/winavr-20100110/bin/../lib/gcc/avr/4.8.1/avr5\libgcc.a(_umulhisi3.o)
                              ds2415.o (__umulhisi3)
c:/winavr-20100110/bin/../lib/gcc/avr/4.8.1/avr5\libgcc.a(_muluhisi3.o)
                              ds2415.o (__muluhisi3)
c:/winavr-20100110/bin/../lib/gcc/avr/4.8.1/avr5\libgcc.a(_mulshisi3.o)
                              bmp085.o (__mulshisi3)
c:/winavr-20100110/bin/../lib/gcc/avr/4.8.1/avr5\libgcc.a(_udivmodhi4.o)
                              c:/winavr-20100110/bin/../lib/gcc/avr/4.8.1/avr5\libgcc.a(_divmodhi4.o) (__udivmodhi4)
c:/winavr-20100110/bin/../lib/gcc/avr/4.8.1/../../../../avr/lib/avr5\libm.a(addsf3.o)
                              bmp085.o (__subsf3)
c:/winavr-20100110/bin/../lib/gcc/avr/4.8.1/../../../../avr/lib/avr5\libm.a(addsf3x.o)
                              c:/winavr-20100110/bin/../lib/gcc/avr/4.8.1/../../../../avr/lib/avr5\libm.a(addsf3.o) (__addsf3x)
c:/winavr-20100110/bin/../lib/gcc/avr/4.8.1/../../../../avr/lib/avr5\libm.a(divsf3.o)
                              bmp085.o (__divsf3)
c:/winavr-20100110/bin/../lib/gcc/avr/4.8.1/../../../../avr/lib/avr5\libm.a(divsf3x.o)
                              c:/winavr-20100110/bin/../lib/gcc/avr/4.8.1/../../../../avr/lib/avr5\libm.a(divsf3.o) (__divsf3x)
c:/winavr-20100110/bin/../lib/gcc/avr/4.8.1/../../../../avr/lib/avr5\libm.a(floatsisf.o)
                              bmp085.o (__floatsisf)
c:/winavr-20100110/bin/../lib/gcc/avr/4.8.1/../../../../avr/lib/avr5\libm.a(fp_inf.o)
                              c:/winavr-20100110/bin/../lib/gcc/avr/4.8.1/../../../../avr/lib/avr5\libm.a(addsf3x.o) (__fp_inf)
c:/winavr-20100110/bin/../lib/gcc/avr/4.8.1/../../../../avr/lib/avr5\libm.a(fp_nan.o)
                              c:/winavr-20100110/bin/../lib/gcc/avr/4.8.1/../../../../avr/lib/avr5\libm.a(addsf3x.o) (__fp_nan)
c:/winavr-20100110/bin/../lib/gcc/avr/4.8.1/../../../../avr/lib/avr5\libm.a(fp_pscA.o)
                              c:/winavr-20100110/bin/../lib/gcc/avr/4.8.1/../../../../avr/lib/avr5\libm.a(addsf3x.o) (__fp_pscA)
c:/winavr-20100110/bin/../lib/gcc/avr/4.8.1/../../../../avr/lib/avr5\libm.a(fp_pscB.o)
                              c:/winavr-20100110/bin/../lib/gcc/avr/4.8.1/../../../../avr/lib/avr5\libm.a(addsf3x.o) (__fp_pscB)
c:/winavr-20100110/bin/../lib/gcc/avr/4.8.1/../../../../avr/lib/avr5\libm.a(fp_round.o)
                              c:/winavr-20100110/bin/../lib/gcc/avr/4.8.1/../../../../avr/lib/avr5\libm.a(addsf3.o) (__fp_round)
c:/winavr-20100110/bin/../lib/gcc/avr/4.8.1/../../../../avr/lib/avr5\libm.a(fp_split3.o)
                              c:/winavr-20100110/bin/../lib/gcc/avr/4.8.1/../../../../avr/lib/avr5\libm.a(addsf3x.o) (__fp_split3)
c:/winavr-20100110/bin/../lib/gcc/avr/4.8.1/../../../../avr/lib/avr5\libm.a(fp_zero.o)
                              c:/winavr-20100110/bin/../lib/gcc/avr/4.8.1/../../../../avr/lib/avr5\libm.a(addsf3x.o) (__fp_zero)
c:/winavr-20100110/bin/../lib/gcc/avr/4.8.1/../../../../avr/lib/avr5\libm.a(pow.o)
                              bmp085.o (pow)
c:/winavr-20100110/bin/../lib/gcc/avr/4.8.1/../../../../avr/lib/avr5\libm.a(exp.o)
                              c:/winavr-20100110/bin/../lib/gcc/avr/4.8.1/../../../../avr/lib/avr5\libm.a(pow.o) (exp)
c:/winavr-20100110/bin/../lib/gcc/avr/4.8.1/../../../../avr/lib/avr5\libm.a(fp_powser.o)
                              c:/winavr-20100110/bin/../lib/gcc/avr/4.8.1/../../../../avr/lib/avr5\libm.a(exp.o) (__fp_powser)
c:/winavr-20100110/bin/../lib/gcc/avr/4.8.1/../../../../avr/lib/avr5\libm.a(inverse.o)
                              c:/winavr-20100110/bin/../lib/gcc/avr/4.8.1/../../../../avr/lib/avr5\libm.a(exp.o) (inverse)
c:/winavr-20100110/bin/../lib/gcc/avr/4.8.1/../../../../avr/lib/avr5\libm.a(ldexp.o)
                              c:/winavr-20100110/bin/../lib/gcc/avr/4.8.1/../../../../avr/lib/avr5\libm.a(exp.o) (ldexp)
c:/winavr-20100110/bin/../lib/gcc/avr/4.8.1/../../../../avr/lib/avr5\libm.a(log.o)
                              c:/winavr-20100110/bin/../lib/gcc/avr/4.8.1/../../../../avr/lib/avr5\libm.a(pow.o) (log)
c:/winavr-20100110/bin/../lib/gcc/avr/4.8.1/../../../../avr/lib/avr5\libm.a(modf.o)
                              c:/winavr-20100110/bin/../lib/gcc/avr/4.8.1/../../../../avr/lib/avr5\libm.a(exp.o) (modf)
c:/winavr-20100110/bin/../lib/gcc/avr/4.8.1/../../../../avr/lib/avr5\libm.a(mulsf3.o)
                              c:/winavr-20100110/bin/../lib/gcc/avr/4.8.1/../../../../avr/lib/avr5\libm.a(pow.o) (__mulsf3)
c:/winavr-20100110/bin/../lib/gcc/avr/4.8.1/../../../../avr/lib/avr5\libm.a(mulsf3x.o)
                              c:/winavr-20100110/bin/../lib/gcc/avr/4.8.1/../../../../avr/lib/avr5\libm.a(fp_powser.o) (__mulsf3x)
c:/winavr-20100110/bin/../lib/gcc/avr/4.8.1/../../../../avr/lib/avr5\libm.a(fp_mpack.o)
                              c:/winavr-20100110/bin/../lib/gcc/avr/4.8.1/../../../../avr/lib/avr5\libm.a(ldexp.o) (__fp_mpack)
c:/winavr-20100110/bin/../lib/gcc/avr/4.8.1/../../../../avr/lib/avr5\libc.a(dtostrf.o)
                              main.o (dtostrf)
c:/winavr-20100110/bin/../lib/gcc/avr/4.8.1/../../../../avr/lib/avr5\libc.a(itoa.o)
                              uart.o (itoa)
c:/winavr-20100110/bin/../lib/gcc/avr/4.8.1/../../../../avr/lib/avr5\libc.a(itoa_ncheck.o)
                              main.o (__itoa_ncheck)
c:/winavr-20100110/bin/../lib/gcc/avr/4.8.1/../../../../avr/lib/avr5\libc.a(ltoa_ncheck.o)
                              main.o (__ltoa_ncheck)
c:/winavr-20100110/bin/../lib/gcc/avr/4.8.1/../../../../avr/lib/avr5\libc.a(ultoa_ncheck.o)
                              c:/winavr-20100110/bin/../lib/gcc/avr/4.8.1/../../../../avr/lib/avr5\libc.a(ltoa_ncheck.o) (__ultoa_common)
c:/winavr-20100110/bin/../lib/gcc/avr/4.8.1/../../../../avr/lib/avr5\libc.a(utoa_ncheck.o)
                              c:/winavr-20100110/bin/../lib/gcc/avr/4.8.1/../../../../avr/lib/avr5\libc.a(itoa_ncheck.o) (__utoa_common)
c:/winavr-20100110/bin/../lib/gcc/avr/4.8.1/../../../../avr/lib/avr5\libc.a(sprintf.o)
                              main.o (sprintf)
c:/winavr-20100110/bin/../lib/gcc/avr/4.8.1/../../../../avr/lib/avr5\libc.a(vfprintf_std.o)
                              c:/winavr-20100110/bin/../lib/gcc/avr/4.8.1/../../../../avr/lib/avr5\libc.a(sprintf.o) (vfprintf)
c:/winavr-20100110/bin/../lib/gcc/avr/4.8.1/../../../../avr/lib/avr5\libc.a(eerd_block_atmega168.o)
                              main.o (__eerd_block_m168)
c:/winavr-20100110/bin/../lib/gcc/avr/4.8.1/../../../../avr/lib/avr5\libc.a(eerd_byte_atmega168.o)
                              main.o (__eerd_byte_m168)
c:/winavr-20100110/bin/../lib/gcc/avr/4.8.1/../../../../avr/lib/avr5\libc.a(eerd_word_atmega168.o)
                              main.o (__eerd_word_m168)
c:/winavr-20100110/bin/../lib/gcc/avr/4.8.1/../../../../avr/lib/avr5\libc.a(eewr_block_atmega168.o)
                              main.o (__eewr_block_m168)
c:/winavr-20100110/bin/../lib/gcc/avr/4.8.1/../../../../avr/lib/avr5\libc.a(eewr_byte_atmega168.o)
                              main.o (__eewr_byte_m168)
c:/winavr-20100110/bin/../lib/gcc/avr/4.8.1/../../../../avr/lib/avr5\libc.a(eewr_word_atmega168.o)
                              main.o (__eewr_word_m168)
c:/winavr-20100110/bin/../lib/gcc/avr/4.8.1/../../../../avr/lib/avr5\libc.a(dtoa_prf.o)
                              c:/winavr-20100110/bin/../lib/gcc/avr/4.8.1/../../../../avr/lib/avr5\libc.a(dtostrf.o) (dtoa_prf)
c:/winavr-20100110/bin/../lib/gcc/avr/4.8.1/../../../../avr/lib/avr5\libc.a(ftoa_engine.o)
                              c:/winavr-20100110/bin/../lib/gcc/avr/4.8.1/../../../../avr/lib/avr5\libc.a(dtoa_prf.o) (__ftoa_engine)
c:/winavr-20100110/bin/../lib/gcc/avr/4.8.1/../../../../avr/lib/avr5\libc.a(strnlen_P.o)
                              c:/winavr-20100110/bin/../lib/gcc/avr/4.8.1/../../../../avr/lib/avr5\libc.a(vfprintf_std.o) (strnlen_P)
c:/winavr-20100110/bin/../lib/gcc/avr/4.8.1/../../../../avr/lib/avr5\libc.a(strnlen.o)
                              c:/winavr-20100110/bin/../lib/gcc/avr/4.8.1/../../../../avr/lib/avr5\libc.a(vfprintf_std.o) (strnlen)
c:/winavr-20100110/bin/../lib/gcc/avr/4.8.1/../../../../avr/lib/avr5\libc.a(strrev.o)
                              c:/winavr-20100110/bin/../lib/gcc/avr/4.8.1/../../../../avr/lib/avr5\libc.a(ultoa_ncheck.o) (strrev)
c:/winavr-20100110/bin/../lib/gcc/avr/4.8.1/../../../../avr/lib/avr5\libc.a(fputc.o)
                              c:/winavr-20100110/bin/../lib/gcc/avr/4.8.1/../../../../avr/lib/avr5\libc.a(vfprintf_std.o) (fputc)
c:/winavr-20100110/bin/../lib/gcc/avr/4.8.1/../../../../avr/lib/avr5\libc.a(ultoa_invert.o)
                              c:/winavr-20100110/bin/../lib/gcc/avr/4.8.1/../../../../avr/lib/avr5\libc.a(vfprintf_std.o) (__ultoa_invert)
c:/winavr-20100110/bin/../lib/gcc/avr/4.8.1/avr5\libgcc.a(_prologue.o)
                              c:/winavr-20100110/bin/../lib/gcc/avr/4.8.1/../../../../avr/lib/avr5\libc.a(sprintf.o) (__prologue_saves__)
c:/winavr-20100110/bin/../lib/gcc/avr/4.8.1/avr5\libgcc.a(_epilogue.o)
                              c:/winavr-20100110/bin/../lib/gcc/avr/4.8.1/../../../../avr/lib/avr5\libc.a(sprintf.o) (__epilogue_restores__)

Allocating common symbols
Common symbol       size              file

gReadings_old       0x10              main.o
bmp085_regac4       0x2               main.o
gBacklight          0x1               main.o
gBuffer             0x15              main.o
bmp085_regb2        0x2               main.o
gRTC_ID             0x8               main.o
bmp085_rawpressure  0x4               main.o
bmp085_regac3       0x2               main.o
l                   0x4               main.o
bmp085_rawtemperature
                    0x4               main.o
bmp085_regb1        0x2               main.o
bmp085_regac6       0x2               main.o
bmp085_regmd        0x2               main.o
gRTC                0x8               main.o
bmp085_regac1       0x2               main.o
g1Wire_order        0x8               main.o
d                   0x4               main.o
gLog_interval       0x2               main.o
bmp085_regmb        0x2               main.o
bmp085_regac5       0x2               main.o
bmp085_regmc        0x2               main.o
gSensorIDs          0x40              main.o
bmp085_regac2       0x2               main.o
gReadings           0x10              main.o
printbuff           0xa               main.o

Memory Configuration

Name             Origin             Length             Attributes
text             0x00000000         0x00020000         xr
data             0x00800060         0x0000ffa0         rw !x
eeprom           0x00810000         0x00010000         rw !x
fuse             0x00820000         0x00000400         rw !x
lock             0x00830000         0x00000400         rw !x
signature        0x00840000         0x00000400         rw !x
user_signatures  0x00850000         0x00000400         rw !x
*default*        0x00000000         0xffffffff

Linker script and memory map

Address of section .data set to 0x800100
LOAD c:/winavr-20100110/bin/../lib/gcc/avr/4.8.1/../../../../avr/lib/avr5/crtm168.o
LOAD main.o
LOAD crc.o
LOAD delay.o
LOAD ds18x20.o
LOAD lcd.o
LOAD owi_highlevel.o
LOAD owi_lowlevel.o
LOAD uart.o
LOAD ds2415.o
LOAD bmp085.o
LOAD twimaster.o
START GROUP
LOAD c:/winavr-20100110/bin/../lib/gcc/avr/4.8.1/avr5\libgcc.a
LOAD c:/winavr-20100110/bin/../lib/gcc/avr/4.8.1/../../../../avr/lib/avr5\libm.a
LOAD c:/winavr-20100110/bin/../lib/gcc/avr/4.8.1/../../../../avr/lib/avr5\libc.a
END GROUP

.hash
 *(.hash)

.dynsym
 *(.dynsym)

.dynstr
 *(.dynstr)

.gnu.version
 *(.gnu.version)

.gnu.version_d
 *(.gnu.version_d)

.gnu.version_r
 *(.gnu.version_r)

.rel.init
 *(.rel.init)

.rela.init
 *(.rela.init)

.rel.text
 *(.rel.text)
 *(.rel.text.*)
 *(.rel.gnu.linkonce.t*)

.rela.text
 *(.rela.text)
 *(.rela.text.*)
 *(.rela.gnu.linkonce.t*)

.rel.fini
 *(.rel.fini)

.rela.fini
 *(.rela.fini)

.rel.rodata
 *(.rel.rodata)
 *(.rel.rodata.*)
 *(.rel.gnu.linkonce.r*)

.rela.rodata
 *(.rela.rodata)
 *(.rela.rodata.*)
 *(.rela.gnu.linkonce.r*)

.rel.data
 *(.rel.data)
 *(.rel.data.*)
 *(.rel.gnu.linkonce.d*)

.rela.data
 *(.rela.data)
 *(.rela.data.*)
 *(.rela.gnu.linkonce.d*)

.rel.ctors
 *(.rel.ctors)

.rela.ctors
 *(.rela.ctors)

.rel.dtors
 *(.rel.dtors)

.rela.dtors
 *(.rela.dtors)

.rel.got
 *(.rel.got)

.rela.got
 *(.rela.got)

.rel.bss
 *(.rel.bss)

.rela.bss
 *(.rela.bss)

.rel.plt
 *(.rel.plt)

.rela.plt
 *(.rela.plt)

.text           0x00000000     0x3d98
 *(.vectors)
 .vectors       0x00000000       0x68 c:/winavr-20100110/bin/../lib/gcc/avr/4.8.1/../../../../avr/lib/avr5/crtm168.o
                0x00000000                __vector_default
                0x00000000                __vectors
 *(.vectors)
 *(.progmem.gcc*)
 .progmem.gcc_fplib
                0x00000068       0x28 c:/winavr-20100110/bin/../lib/gcc/avr/4.8.1/../../../../avr/lib/avr5\libm.a(exp.o)
 .progmem.gcc_fplib
                0x00000090       0x5a c:/winavr-20100110/bin/../lib/gcc/avr/4.8.1/../../../../avr/lib/avr5\libm.a(log.o)
                0x000000ea                . = ALIGN (0x2)
                0x000000ea                __trampolines_start = .
 *(.trampolines)
 .trampolines   0x000000ea        0x0 linker stubs
 *(.trampolines*)
                0x000000ea                __trampolines_end = .
 *(.progmem*)
 .progmem.data  0x000000ea      0x222 main.o
 .progmem.data  0x0000030c       0xfa c:/winavr-20100110/bin/../lib/gcc/avr/4.8.1/../../../../avr/lib/avr5\libc.a(ftoa_engine.o)
                0x00000406                . = ALIGN (0x2)
 *(.jumptables)
 *(.jumptables*)
 *(.lowtext)
 *(.lowtext*)
                0x00000406                __ctors_start = .
 *(.ctors)
                0x00000406                __ctors_end = .
                0x00000406                __dtors_start = .
 *(.dtors)
                0x00000406                __dtors_end = .
 SORT(*)(.ctors)
 SORT(*)(.dtors)
 *(.init0)
 .init0         0x00000406        0x0 c:/winavr-20100110/bin/../lib/gcc/avr/4.8.1/../../../../avr/lib/avr5/crtm168.o
                0x00000406                __init
 *(.init0)
 *(.init1)
 *(.init1)
 *(.init2)
 .init2         0x00000406        0xc c:/winavr-20100110/bin/../lib/gcc/avr/4.8.1/../../../../avr/lib/avr5/crtm168.o
 *(.init2)
 *(.init3)
 *(.init3)
 *(.init4)
 .init4         0x00000412       0x16 c:/winavr-20100110/bin/../lib/gcc/avr/4.8.1/avr5\libgcc.a(_copy_data.o)
                0x00000412                __do_copy_data
 .init4         0x00000428       0x10 c:/winavr-20100110/bin/../lib/gcc/avr/4.8.1/avr5\libgcc.a(_clear_bss.o)
                0x00000428                __do_clear_bss
 *(.init4)
 *(.init5)
 *(.init5)
 *(.init6)
 *(.init6)
 *(.init7)
 *(.init7)
 *(.init8)
 *(.init8)
 *(.init9)
 .init9         0x00000438        0x8 c:/winavr-20100110/bin/../lib/gcc/avr/4.8.1/../../../../avr/lib/avr5/crtm168.o
 *(.init9)
 *(.text)
 .text          0x00000440        0x4 c:/winavr-20100110/bin/../lib/gcc/avr/4.8.1/../../../../avr/lib/avr5/crtm168.o
                0x00000440                __vector_22
                0x00000440                __vector_1
                0x00000440                __vector_24
                0x00000440                __vector_12
                0x00000440                __bad_interrupt
                0x00000440                __vector_6
                0x00000440                __vector_3
                0x00000440                __vector_23
                0x00000440                __vector_25
                0x00000440                __vector_13
                0x00000440                __vector_17
                0x00000440                __vector_7
                0x00000440                __vector_5
                0x00000440                __vector_4
                0x00000440                __vector_9
                0x00000440                __vector_2
                0x00000440                __vector_21
                0x00000440                __vector_15
                0x00000440                __vector_8
                0x00000440                __vector_14
                0x00000440                __vector_10
                0x00000440                __vector_16
                0x00000440                __vector_20
 .text          0x00000444      0x7d0 main.o
                0x00000444                __vector_11
                0x000004ba                onewire_search
                0x0000061a                display_temperatures
                0x000009c4                log_temperatures
                0x00000a6e                read_temperatures
                0x00000ae0                show_id_uart
                0x00000b5e                show_exinfo_lcd
 .text          0x00000c14       0x58 crc.o
                0x00000c14                crc8
                0x00000c4a                crc16
 .text          0x00000c6c       0x1a delay.o
                0x00000c6c                delayloop32
 .text          0x00000c86      0x1f8 ds18x20.o
                0x00000c86                DS18X20_start_meas
                0x00000ca6                DS18X20_get_meas
                0x00000d36                DS18X20_get_temp
 .text          0x00000e7e      0x1e4 lcd.o
                0x00000f0c                lcd_command
                0x00000f1e                lcd_data
                0x00000f30                lcd_gotoxy
                0x00000f4e                lcd_getxy
                0x00000f56                lcd_clrscr
                0x00000f5c                lcd_home
                0x00000f62                lcd_putc
                0x00000fa2                lcd_puts
                0x00000fba                lcd_puts_p
                0x00000fd8                lcd_puthex_nibble
                0x00000fe8                lcd_puthex_byte
                0x00000ffc                lcd_init
 .text          0x00001062      0x150 owi_highlevel.o
                0x00001062                owi_byte_io
                0x000010b2                owi_device_command
                0x00001104                owi_search
 .text          0x000011b2       0xfe owi_lowlevel.o
                0x000011be                owi_init
                0x000011ca                owi_reset
                0x0000120e                owi_bit_io
 .text          0x000012b0      0x1da uart.o
                0x000012b0                __vector_18
                0x0000130c                __vector_19
                0x00001360                uart_init
                0x00001392                uart_getc
                0x000013ce                uart_putc
                0x000013f8                uart_puts
                0x00001410                uart_puts_p
                0x0000142e                uart_puti
                0x00001466                uart_puthex_nibble
                0x00001476                uart_puthex_byte
 .text          0x0000148a      0x2de ds2415.o
                0x0000148a                DS2415_write_clock
                0x000014e2                DS2415_read_clock
                0x0000156c                DS2415_gregorian_to_epoch
                0x0000162a                DS2415_epoch_to_gregorian
 .text          0x00001768      0x71e bmp085.o
                0x00001768                bmp085_writemem
                0x00001798                bmp085_readmem
                0x0000181e                bmp085_avaragefilter
                0x00001886                bmp085_getcalibration
                0x00001a14                bmp085_getrawtemperature
                0x00001af4                bmp085_getrawpressure
                0x00001db8                bmp085_gettemperature
                0x00001df4                bmp085_getpressure
                0x00001e0a                bmp085_getaltitude
                0x00001e62                bmp085_init
 .text          0x00001e86       0xfc twimaster.o
                0x00001e86                i2c_init
                0x00001e92                i2c_start
                0x00001ed6                i2c_start_wait
                0x00001f24                i2c_rep_start
                0x00001f28                i2c_stop
                0x00001f38                i2c_write
                0x00001f5a                i2c_readAck
                0x00001f6e                i2c_readNak
 .text          0x00001f82        0x0 c:/winavr-20100110/bin/../lib/gcc/avr/4.8.1/avr5\libgcc.a(_mulsi3.o)
 .text          0x00001f82        0x0 c:/winavr-20100110/bin/../lib/gcc/avr/4.8.1/avr5\libgcc.a(_divmodhi4.o)
 .text          0x00001f82        0x0 c:/winavr-20100110/bin/../lib/gcc/avr/4.8.1/avr5\libgcc.a(_udivmodsi4.o)
 .text          0x00001f82        0x0 c:/winavr-20100110/bin/../lib/gcc/avr/4.8.1/avr5\libgcc.a(_divmodsi4.o)
 .text          0x00001f82        0x0 c:/winavr-20100110/bin/../lib/gcc/avr/4.8.1/avr5\libgcc.a(_negsi2.o)
 .text          0x00001f82        0x0 c:/winavr-20100110/bin/../lib/gcc/avr/4.8.1/avr5\libgcc.a(_exit.o)
 .text          0x00001f82        0x0 c:/winavr-20100110/bin/../lib/gcc/avr/4.8.1/avr5\libgcc.a(_copy_data.o)
 .text          0x00001f82        0x0 c:/winavr-20100110/bin/../lib/gcc/avr/4.8.1/avr5\libgcc.a(_clear_bss.o)
 .text          0x00001f82        0x0 c:/winavr-20100110/bin/../lib/gcc/avr/4.8.1/avr5\libgcc.a(_umulhisi3.o)
 .text          0x00001f82        0x0 c:/winavr-20100110/bin/../lib/gcc/avr/4.8.1/avr5\libgcc.a(_muluhisi3.o)
 .text          0x00001f82        0x0 c:/winavr-20100110/bin/../lib/gcc/avr/4.8.1/avr5\libgcc.a(_mulshisi3.o)
 .text          0x00001f82        0x0 c:/winavr-20100110/bin/../lib/gcc/avr/4.8.1/avr5\libgcc.a(_udivmodhi4.o)
 .text          0x00001f82        0x0 c:/winavr-20100110/bin/../lib/gcc/avr/4.8.1/../../../../avr/lib/avr5\libm.a(addsf3.o)
 .text          0x00001f82        0x0 c:/winavr-20100110/bin/../lib/gcc/avr/4.8.1/../../../../avr/lib/avr5\libm.a(addsf3x.o)
 .text          0x00001f82        0x0 c:/winavr-20100110/bin/../lib/gcc/avr/4.8.1/../../../../avr/lib/avr5\libm.a(divsf3.o)
 .text          0x00001f82        0x0 c:/winavr-20100110/bin/../lib/gcc/avr/4.8.1/../../../../avr/lib/avr5\libm.a(divsf3x.o)
 .text          0x00001f82        0x0 c:/winavr-20100110/bin/../lib/gcc/avr/4.8.1/../../../../avr/lib/avr5\libm.a(floatsisf.o)
 .text          0x00001f82        0x0 c:/winavr-20100110/bin/../lib/gcc/avr/4.8.1/../../../../avr/lib/avr5\libm.a(fp_inf.o)
 .text          0x00001f82        0x0 c:/winavr-20100110/bin/../lib/gcc/avr/4.8.1/../../../../avr/lib/avr5\libm.a(fp_nan.o)
 .text          0x00001f82        0x0 c:/winavr-20100110/bin/../lib/gcc/avr/4.8.1/../../../../avr/lib/avr5\libm.a(fp_pscA.o)
 .text          0x00001f82        0x0 c:/winavr-20100110/bin/../lib/gcc/avr/4.8.1/../../../../avr/lib/avr5\libm.a(fp_pscB.o)
 .text          0x00001f82        0x0 c:/winavr-20100110/bin/../lib/gcc/avr/4.8.1/../../../../avr/lib/avr5\libm.a(fp_round.o)
 .text          0x00001f82        0x0 c:/winavr-20100110/bin/../lib/gcc/avr/4.8.1/../../../../avr/lib/avr5\libm.a(fp_split3.o)
 .text          0x00001f82        0x0 c:/winavr-20100110/bin/../lib/gcc/avr/4.8.1/../../../../avr/lib/avr5\libm.a(fp_zero.o)
 .text          0x00001f82        0x0 c:/winavr-20100110/bin/../lib/gcc/avr/4.8.1/../../../../avr/lib/avr5\libm.a(pow.o)
 .text          0x00001f82        0x0 c:/winavr-20100110/bin/../lib/gcc/avr/4.8.1/../../../../avr/lib/avr5\libm.a(exp.o)
 .text          0x00001f82        0x0 c:/winavr-20100110/bin/../lib/gcc/avr/4.8.1/../../../../avr/lib/avr5\libm.a(fp_powser.o)
 .text          0x00001f82        0x0 c:/winavr-20100110/bin/../lib/gcc/avr/4.8.1/../../../../avr/lib/avr5\libm.a(inverse.o)
 .text          0x00001f82        0x0 c:/winavr-20100110/bin/../lib/gcc/avr/4.8.1/../../../../avr/lib/avr5\libm.a(ldexp.o)
 .text          0x00001f82        0x0 c:/winavr-20100110/bin/../lib/gcc/avr/4.8.1/../../../../avr/lib/avr5\libm.a(log.o)
 .text          0x00001f82        0x0 c:/winavr-20100110/bin/../lib/gcc/avr/4.8.1/../../../../avr/lib/avr5\libm.a(modf.o)
 .text          0x00001f82        0x0 c:/winavr-20100110/bin/../lib/gcc/avr/4.8.1/../../../../avr/lib/avr5\libm.a(mulsf3.o)
 .text          0x00001f82        0x0 c:/winavr-20100110/bin/../lib/gcc/avr/4.8.1/../../../../avr/lib/avr5\libm.a(mulsf3x.o)
 .text          0x00001f82        0x0 c:/winavr-20100110/bin/../lib/gcc/avr/4.8.1/../../../../avr/lib/avr5\libm.a(fp_mpack.o)
 .text          0x00001f82        0x0 c:/winavr-20100110/bin/../lib/gcc/avr/4.8.1/../../../../avr/lib/avr5\libc.a(dtostrf.o)
 .text          0x00001f82        0x0 c:/winavr-20100110/bin/../lib/gcc/avr/4.8.1/../../../../avr/lib/avr5\libc.a(itoa.o)
 .text          0x00001f82        0x0 c:/winavr-20100110/bin/../lib/gcc/avr/4.8.1/../../../../avr/lib/avr5\libc.a(itoa_ncheck.o)
 .text          0x00001f82        0x0 c:/winavr-20100110/bin/../lib/gcc/avr/4.8.1/../../../../avr/lib/avr5\libc.a(ltoa_ncheck.o)
 .text          0x00001f82        0x0 c:/winavr-20100110/bin/../lib/gcc/avr/4.8.1/../../../../avr/lib/avr5\libc.a(ultoa_ncheck.o)
 .text          0x00001f82        0x0 c:/winavr-20100110/bin/../lib/gcc/avr/4.8.1/../../../../avr/lib/avr5\libc.a(utoa_ncheck.o)
 .text          0x00001f82        0x0 c:/winavr-20100110/bin/../lib/gcc/avr/4.8.1/../../../../avr/lib/avr5\libc.a(sprintf.o)
 .text          0x00001f82        0x0 c:/winavr-20100110/bin/../lib/gcc/avr/4.8.1/../../../../avr/lib/avr5\libc.a(vfprintf_std.o)
 .text          0x00001f82        0x0 c:/winavr-20100110/bin/../lib/gcc/avr/4.8.1/../../../../avr/lib/avr5\libc.a(eerd_block_atmega168.o)
 .text          0x00001f82        0x0 c:/winavr-20100110/bin/../lib/gcc/avr/4.8.1/../../../../avr/lib/avr5\libc.a(eerd_byte_atmega168.o)
 .text          0x00001f82        0x0 c:/winavr-20100110/bin/../lib/gcc/avr/4.8.1/../../../../avr/lib/avr5\libc.a(eerd_word_atmega168.o)
 .text          0x00001f82        0x0 c:/winavr-20100110/bin/../lib/gcc/avr/4.8.1/../../../../avr/lib/avr5\libc.a(eewr_block_atmega168.o)
 .text          0x00001f82        0x0 c:/winavr-20100110/bin/../lib/gcc/avr/4.8.1/../../../../avr/lib/avr5\libc.a(eewr_byte_atmega168.o)
 .text          0x00001f82        0x0 c:/winavr-20100110/bin/../lib/gcc/avr/4.8.1/../../../../avr/lib/avr5\libc.a(eewr_word_atmega168.o)
 .text          0x00001f82        0x0 c:/winavr-20100110/bin/../lib/gcc/avr/4.8.1/../../../../avr/lib/avr5\libc.a(dtoa_prf.o)
 .text          0x00001f82        0x0 c:/winavr-20100110/bin/../lib/gcc/avr/4.8.1/../../../../avr/lib/avr5\libc.a(ftoa_engine.o)
 .text          0x00001f82        0x0 c:/winavr-20100110/bin/../lib/gcc/avr/4.8.1/../../../../avr/lib/avr5\libc.a(strnlen_P.o)
 .text          0x00001f82        0x0 c:/winavr-20100110/bin/../lib/gcc/avr/4.8.1/../../../../avr/lib/avr5\libc.a(strnlen.o)
 .text          0x00001f82        0x0 c:/winavr-20100110/bin/../lib/gcc/avr/4.8.1/../../../../avr/lib/avr5\libc.a(strrev.o)
 .text          0x00001f82        0x0 c:/winavr-20100110/bin/../lib/gcc/avr/4.8.1/../../../../avr/lib/avr5\libc.a(fputc.o)
 .text          0x00001f82        0x0 c:/winavr-20100110/bin/../lib/gcc/avr/4.8.1/../../../../avr/lib/avr5\libc.a(ultoa_invert.o)
 .text          0x00001f82        0x0 c:/winavr-20100110/bin/../lib/gcc/avr/4.8.1/avr5\libgcc.a(_prologue.o)
 .text          0x00001f82        0x0 c:/winavr-20100110/bin/../lib/gcc/avr/4.8.1/avr5\libgcc.a(_epilogue.o)
                0x00001f82                . = ALIGN (0x2)
 *(.text.*)
 .text.startup  0x00001f82      0xaae main.o
                0x00001f82                main
 .text.libgcc.mul
                0x00002a30       0x20 c:/winavr-20100110/bin/../lib/gcc/avr/4.8.1/avr5\libgcc.a(_mulsi3.o)
                0x00002a30                __mulsi3
 .text.libgcc.div
                0x00002a50        0x0 c:/winavr-20100110/bin/../lib/gcc/avr/4.8.1/avr5\libgcc.a(_mulsi3.o)
 .text.libgcc   0x00002a50        0x0 c:/winavr-20100110/bin/../lib/gcc/avr/4.8.1/avr5\libgcc.a(_mulsi3.o)
 .text.libgcc.prologue
                0x00002a50        0x0 c:/winavr-20100110/bin/../lib/gcc/avr/4.8.1/avr5\libgcc.a(_mulsi3.o)
 .text.libgcc.builtins
                0x00002a50        0x0 c:/winavr-20100110/bin/../lib/gcc/avr/4.8.1/avr5\libgcc.a(_mulsi3.o)
 .text.libgcc.fmul
                0x00002a50        0x0 c:/winavr-20100110/bin/../lib/gcc/avr/4.8.1/avr5\libgcc.a(_mulsi3.o)
 .text.libgcc.fixed
                0x00002a50        0x0 c:/winavr-20100110/bin/../lib/gcc/avr/4.8.1/avr5\libgcc.a(_mulsi3.o)
 .text.libgcc.mul
                0x00002a50        0x0 c:/winavr-20100110/bin/../lib/gcc/avr/4.8.1/avr5\libgcc.a(_divmodhi4.o)
 .text.libgcc.div
                0x00002a50       0x28 c:/winavr-20100110/bin/../lib/gcc/avr/4.8.1/avr5\libgcc.a(_divmodhi4.o)
                0x00002a50                _div
                0x00002a50                __divmodhi4
 .text.libgcc   0x00002a78        0x0 c:/winavr-20100110/bin/../lib/gcc/avr/4.8.1/avr5\libgcc.a(_divmodhi4.o)
 .text.libgcc.prologue
                0x00002a78        0x0 c:/winavr-20100110/bin/../lib/gcc/avr/4.8.1/avr5\libgcc.a(_divmodhi4.o)
 .text.libgcc.builtins
                0x00002a78        0x0 c:/winavr-20100110/bin/../lib/gcc/avr/4.8.1/avr5\libgcc.a(_divmodhi4.o)
 .text.libgcc.fmul
                0x00002a78        0x0 c:/winavr-20100110/bin/../lib/gcc/avr/4.8.1/avr5\libgcc.a(_divmodhi4.o)
 .text.libgcc.fixed
                0x00002a78        0x0 c:/winavr-20100110/bin/../lib/gcc/avr/4.8.1/avr5\libgcc.a(_divmodhi4.o)
 .text.libgcc.mul
                0x00002a78        0x0 c:/winavr-20100110/bin/../lib/gcc/avr/4.8.1/avr5\libgcc.a(_udivmodsi4.o)
 .text.libgcc.div
                0x00002a78       0x44 c:/winavr-20100110/bin/../lib/gcc/avr/4.8.1/avr5\libgcc.a(_udivmodsi4.o)
                0x00002a78                __udivmodsi4
 .text.libgcc   0x00002abc        0x0 c:/winavr-20100110/bin/../lib/gcc/avr/4.8.1/avr5\libgcc.a(_udivmodsi4.o)
 .text.libgcc.prologue
                0x00002abc        0x0 c:/winavr-20100110/bin/../lib/gcc/avr/4.8.1/avr5\libgcc.a(_udivmodsi4.o)
 .text.libgcc.builtins
                0x00002abc        0x0 c:/winavr-20100110/bin/../lib/gcc/avr/4.8.1/avr5\libgcc.a(_udivmodsi4.o)
 .text.libgcc.fmul
                0x00002abc        0x0 c:/winavr-20100110/bin/../lib/gcc/avr/4.8.1/avr5\libgcc.a(_udivmodsi4.o)
 .text.libgcc.fixed
                0x00002abc        0x0 c:/winavr-20100110/bin/../lib/gcc/avr/4.8.1/avr5\libgcc.a(_udivmodsi4.o)
 .text.libgcc.mul
                0x00002abc        0x0 c:/winavr-20100110/bin/../lib/gcc/avr/4.8.1/avr5\libgcc.a(_divmodsi4.o)
 .text.libgcc.div
                0x00002abc       0x2e c:/winavr-20100110/bin/../lib/gcc/avr/4.8.1/avr5\libgcc.a(_divmodsi4.o)
                0x00002abc                __divmodsi4
 .text.libgcc   0x00002aea        0x0 c:/winavr-20100110/bin/../lib/gcc/avr/4.8.1/avr5\libgcc.a(_divmodsi4.o)
 .text.libgcc.prologue
                0x00002aea        0x0 c:/winavr-20100110/bin/../lib/gcc/avr/4.8.1/avr5\libgcc.a(_divmodsi4.o)
 .text.libgcc.builtins
                0x00002aea        0x0 c:/winavr-20100110/bin/../lib/gcc/avr/4.8.1/avr5\libgcc.a(_divmodsi4.o)
 .text.libgcc.fmul
                0x00002aea        0x0 c:/winavr-20100110/bin/../lib/gcc/avr/4.8.1/avr5\libgcc.a(_divmodsi4.o)
 .text.libgcc.fixed
                0x00002aea        0x0 c:/winavr-20100110/bin/../lib/gcc/avr/4.8.1/avr5\libgcc.a(_divmodsi4.o)
 .text.libgcc.mul
                0x00002aea        0x0 c:/winavr-20100110/bin/../lib/gcc/avr/4.8.1/avr5\libgcc.a(_negsi2.o)
 .text.libgcc.div
                0x00002aea       0x10 c:/winavr-20100110/bin/../lib/gcc/avr/4.8.1/avr5\libgcc.a(_negsi2.o)
                0x00002aea                __negsi2
 .text.libgcc   0x00002afa        0x0 c:/winavr-20100110/bin/../lib/gcc/avr/4.8.1/avr5\libgcc.a(_negsi2.o)
 .text.libgcc.prologue
                0x00002afa        0x0 c:/winavr-20100110/bin/../lib/gcc/avr/4.8.1/avr5\libgcc.a(_negsi2.o)
 .text.libgcc.builtins
                0x00002afa        0x0 c:/winavr-20100110/bin/../lib/gcc/avr/4.8.1/avr5\libgcc.a(_negsi2.o)
 .text.libgcc.fmul
                0x00002afa        0x0 c:/winavr-20100110/bin/../lib/gcc/avr/4.8.1/avr5\libgcc.a(_negsi2.o)
 .text.libgcc.fixed
                0x00002afa        0x0 c:/winavr-20100110/bin/../lib/gcc/avr/4.8.1/avr5\libgcc.a(_negsi2.o)
 .text.libgcc.mul
                0x00002afa        0x0 c:/winavr-20100110/bin/../lib/gcc/avr/4.8.1/avr5\libgcc.a(_exit.o)
 .text.libgcc.div
                0x00002afa        0x0 c:/winavr-20100110/bin/../lib/gcc/avr/4.8.1/avr5\libgcc.a(_exit.o)
 .text.libgcc   0x00002afa        0x0 c:/winavr-20100110/bin/../lib/gcc/avr/4.8.1/avr5\libgcc.a(_exit.o)
 .text.libgcc.prologue
                0x00002afa        0x0 c:/winavr-20100110/bin/../lib/gcc/avr/4.8.1/avr5\libgcc.a(_exit.o)
 .text.libgcc.builtins
                0x00002afa        0x0 c:/winavr-20100110/bin/../lib/gcc/avr/4.8.1/avr5\libgcc.a(_exit.o)
 .text.libgcc.fmul
                0x00002afa        0x0 c:/winavr-20100110/bin/../lib/gcc/avr/4.8.1/avr5\libgcc.a(_exit.o)
 .text.libgcc.fixed
                0x00002afa        0x0 c:/winavr-20100110/bin/../lib/gcc/avr/4.8.1/avr5\libgcc.a(_exit.o)
 .text.libgcc.mul
                0x00002afa        0x0 c:/winavr-20100110/bin/../lib/gcc/avr/4.8.1/avr5\libgcc.a(_copy_data.o)
 .text.libgcc.div
                0x00002afa        0x0 c:/winavr-20100110/bin/../lib/gcc/avr/4.8.1/avr5\libgcc.a(_copy_data.o)
 .text.libgcc   0x00002afa        0x0 c:/winavr-20100110/bin/../lib/gcc/avr/4.8.1/avr5\libgcc.a(_copy_data.o)
 .text.libgcc.prologue
                0x00002afa        0x0 c:/winavr-20100110/bin/../lib/gcc/avr/4.8.1/avr5\libgcc.a(_copy_data.o)
 .text.libgcc.builtins
                0x00002afa        0x0 c:/winavr-20100110/bin/../lib/gcc/avr/4.8.1/avr5\libgcc.a(_copy_data.o)
 .text.libgcc.fmul
                0x00002afa        0x0 c:/winavr-20100110/bin/../lib/gcc/avr/4.8.1/avr5\libgcc.a(_copy_data.o)
 .text.libgcc.fixed
                0x00002afa        0x0 c:/winavr-20100110/bin/../lib/gcc/avr/4.8.1/avr5\libgcc.a(_copy_data.o)
 .text.libgcc.mul
                0x00002afa        0x0 c:/winavr-20100110/bin/../lib/gcc/avr/4.8.1/avr5\libgcc.a(_clear_bss.o)
 .text.libgcc.div
                0x00002afa        0x0 c:/winavr-20100110/bin/../lib/gcc/avr/4.8.1/avr5\libgcc.a(_clear_bss.o)
 .text.libgcc   0x00002afa        0x0 c:/winavr-20100110/bin/../lib/gcc/avr/4.8.1/avr5\libgcc.a(_clear_bss.o)
 .text.libgcc.prologue
                0x00002afa        0x0 c:/winavr-20100110/bin/../lib/gcc/avr/4.8.1/avr5\libgcc.a(_clear_bss.o)
 .text.libgcc.builtins
                0x00002afa        0x0 c:/winavr-20100110/bin/../lib/gcc/avr/4.8.1/avr5\libgcc.a(_clear_bss.o)
 .text.libgcc.fmul
                0x00002afa        0x0 c:/winavr-20100110/bin/../lib/gcc/avr/4.8.1/avr5\libgcc.a(_clear_bss.o)
 .text.libgcc.fixed
                0x00002afa        0x0 c:/winavr-20100110/bin/../lib/gcc/avr/4.8.1/avr5\libgcc.a(_clear_bss.o)
 .text.libgcc.mul
                0x00002afa       0x1e c:/winavr-20100110/bin/../lib/gcc/avr/4.8.1/avr5\libgcc.a(_umulhisi3.o)
                0x00002afa                __umulhisi3
 .text.libgcc.div
                0x00002b18        0x0 c:/winavr-20100110/bin/../lib/gcc/avr/4.8.1/avr5\libgcc.a(_umulhisi3.o)
 .text.libgcc   0x00002b18        0x0 c:/winavr-20100110/bin/../lib/gcc/avr/4.8.1/avr5\libgcc.a(_umulhisi3.o)
 .text.libgcc.prologue
                0x00002b18        0x0 c:/winavr-20100110/bin/../lib/gcc/avr/4.8.1/avr5\libgcc.a(_umulhisi3.o)
 .text.libgcc.builtins
                0x00002b18        0x0 c:/winavr-20100110/bin/../lib/gcc/avr/4.8.1/avr5\libgcc.a(_umulhisi3.o)
 .text.libgcc.fmul
                0x00002b18        0x0 c:/winavr-20100110/bin/../lib/gcc/avr/4.8.1/avr5\libgcc.a(_umulhisi3.o)
 .text.libgcc.fixed
                0x00002b18        0x0 c:/winavr-20100110/bin/../lib/gcc/avr/4.8.1/avr5\libgcc.a(_umulhisi3.o)
 .text.libgcc.mul
                0x00002b18       0x16 c:/winavr-20100110/bin/../lib/gcc/avr/4.8.1/avr5\libgcc.a(_muluhisi3.o)
                0x00002b18                __muluhisi3
 .text.libgcc.div
                0x00002b2e        0x0 c:/winavr-20100110/bin/../lib/gcc/avr/4.8.1/avr5\libgcc.a(_muluhisi3.o)
 .text.libgcc   0x00002b2e        0x0 c:/winavr-20100110/bin/../lib/gcc/avr/4.8.1/avr5\libgcc.a(_muluhisi3.o)
 .text.libgcc.prologue
                0x00002b2e        0x0 c:/winavr-20100110/bin/../lib/gcc/avr/4.8.1/avr5\libgcc.a(_muluhisi3.o)
 .text.libgcc.builtins
                0x00002b2e        0x0 c:/winavr-20100110/bin/../lib/gcc/avr/4.8.1/avr5\libgcc.a(_muluhisi3.o)
 .text.libgcc.fmul
                0x00002b2e        0x0 c:/winavr-20100110/bin/../lib/gcc/avr/4.8.1/avr5\libgcc.a(_muluhisi3.o)
 .text.libgcc.fixed
                0x00002b2e        0x0 c:/winavr-20100110/bin/../lib/gcc/avr/4.8.1/avr5\libgcc.a(_muluhisi3.o)
 .text.libgcc.mul
                0x00002b2e       0x10 c:/winavr-20100110/bin/../lib/gcc/avr/4.8.1/avr5\libgcc.a(_mulshisi3.o)
                0x00002b2e                __mulshisi3
                0x00002b34                __mulohisi3
 .text.libgcc.div
                0x00002b3e        0x0 c:/winavr-20100110/bin/../lib/gcc/avr/4.8.1/avr5\libgcc.a(_mulshisi3.o)
 .text.libgcc   0x00002b3e        0x0 c:/winavr-20100110/bin/../lib/gcc/avr/4.8.1/avr5\libgcc.a(_mulshisi3.o)
 .text.libgcc.prologue
                0x00002b3e        0x0 c:/winavr-20100110/bin/../lib/gcc/avr/4.8.1/avr5\libgcc.a(_mulshisi3.o)
 .text.libgcc.builtins
                0x00002b3e        0x0 c:/winavr-20100110/bin/../lib/gcc/avr/4.8.1/avr5\libgcc.a(_mulshisi3.o)
 .text.libgcc.fmul
                0x00002b3e        0x0 c:/winavr-20100110/bin/../lib/gcc/avr/4.8.1/avr5\libgcc.a(_mulshisi3.o)
 .text.libgcc.fixed
                0x00002b3e        0x0 c:/winavr-20100110/bin/../lib/gcc/avr/4.8.1/avr5\libgcc.a(_mulshisi3.o)
 .text.libgcc.mul
                0x00002b3e        0x0 c:/winavr-20100110/bin/../lib/gcc/avr/4.8.1/avr5\libgcc.a(_udivmodhi4.o)
 .text.libgcc.div
                0x00002b3e       0x28 c:/winavr-20100110/bin/../lib/gcc/avr/4.8.1/avr5\libgcc.a(_udivmodhi4.o)
                0x00002b3e                __udivmodhi4
 .text.libgcc   0x00002b66        0x0 c:/winavr-20100110/bin/../lib/gcc/avr/4.8.1/avr5\libgcc.a(_udivmodhi4.o)
 .text.libgcc.prologue
                0x00002b66        0x0 c:/winavr-20100110/bin/../lib/gcc/avr/4.8.1/avr5\libgcc.a(_udivmodhi4.o)
 .text.libgcc.builtins
                0x00002b66        0x0 c:/winavr-20100110/bin/../lib/gcc/avr/4.8.1/avr5\libgcc.a(_udivmodhi4.o)
 .text.libgcc.fmul
                0x00002b66        0x0 c:/winavr-20100110/bin/../lib/gcc/avr/4.8.1/avr5\libgcc.a(_udivmodhi4.o)
 .text.libgcc.fixed
                0x00002b66        0x0 c:/winavr-20100110/bin/../lib/gcc/avr/4.8.1/avr5\libgcc.a(_udivmodhi4.o)
 .text.avr-libc.fplib
                0x00002b66        0xa c:/winavr-20100110/bin/../lib/gcc/avr/4.8.1/../../../../avr/lib/avr5\libm.a(addsf3.o)
                0x00002b66                __subsf3
                0x00002b68                __addsf3
 .text.avr-libc.fplib
                0x00002b70       0xc0 c:/winavr-20100110/bin/../lib/gcc/avr/4.8.1/../../../../avr/lib/avr5\libm.a(addsf3x.o)
                0x00002b8a                __addsf3x
 .text.avr-libc.fplib
                0x00002c30        0x4 c:/winavr-20100110/bin/../lib/gcc/avr/4.8.1/../../../../avr/lib/avr5\libm.a(divsf3.o)
                0x00002c30                __divsf3
 .text.avr-libc.fplib
                0x00002c34       0xcc c:/winavr-20100110/bin/../lib/gcc/avr/4.8.1/../../../../avr/lib/avr5\libm.a(divsf3x.o)
                0x00002c4a                __divsf3x
                0x00002c4e                __divsf3_pse
 .text.avr-libc.fplib
                0x00002d00       0x7a c:/winavr-20100110/bin/../lib/gcc/avr/4.8.1/../../../../avr/lib/avr5\libm.a(floatsisf.o)
                0x00002d00                __floatunsisf
                0x00002d04                __floatsisf
 .text.avr-libc.fplib
                0x00002d7a        0xc c:/winavr-20100110/bin/../lib/gcc/avr/4.8.1/../../../../avr/lib/avr5\libm.a(fp_inf.o)
                0x00002d7a                __fp_inf
 .text.avr-libc.fplib
                0x00002d86        0x6 c:/winavr-20100110/bin/../lib/gcc/avr/4.8.1/../../../../avr/lib/avr5\libm.a(fp_nan.o)
                0x00002d86                __fp_nan
 .text.avr-libc.fplib
                0x00002d8c        0xe c:/winavr-20100110/bin/../lib/gcc/avr/4.8.1/../../../../avr/lib/avr5\libm.a(fp_pscA.o)
                0x00002d8c                __fp_pscA
 .text.avr-libc.fplib
                0x00002d9a        0xe c:/winavr-20100110/bin/../lib/gcc/avr/4.8.1/../../../../avr/lib/avr5\libm.a(fp_pscB.o)
                0x00002d9a                __fp_pscB
 .text.avr-libc.fplib
                0x00002da8       0x22 c:/winavr-20100110/bin/../lib/gcc/avr/4.8.1/../../../../avr/lib/avr5\libm.a(fp_round.o)
                0x00002da8                __fp_round
 .text.avr-libc.fplib
                0x00002dca       0x44 c:/winavr-20100110/bin/../lib/gcc/avr/4.8.1/../../../../avr/lib/avr5\libm.a(fp_split3.o)
                0x00002dca                __fp_split3
                0x00002dda                __fp_splitA
 .text.avr-libc.fplib
                0x00002e0e        0xe c:/winavr-20100110/bin/../lib/gcc/avr/4.8.1/../../../../avr/lib/avr5\libm.a(fp_zero.o)
                0x00002e0e                __fp_zero
                0x00002e10                __fp_szero
 .text.avr-libc.fplib
                0x00002e1c       0x98 c:/winavr-20100110/bin/../lib/gcc/avr/4.8.1/../../../../avr/lib/avr5\libm.a(pow.o)
                0x00002e1c                pow
 .text.avr-libc.fplib
                0x00002eb4       0x62 c:/winavr-20100110/bin/../lib/gcc/avr/4.8.1/../../../../avr/lib/avr5\libm.a(exp.o)
                0x00002ebe                exp
 .text.avr-libc.fplib
                0x00002f16       0x4a c:/winavr-20100110/bin/../lib/gcc/avr/4.8.1/../../../../avr/lib/avr5\libm.a(fp_powser.o)
                0x00002f16                __fp_powser
 .text.avr-libc.fplib
                0x00002f60        0xe c:/winavr-20100110/bin/../lib/gcc/avr/4.8.1/../../../../avr/lib/avr5\libm.a(inverse.o)
                0x00002f60                inverse
 .text.avr-libc.fplib
                0x00002f6e       0x6c c:/winavr-20100110/bin/../lib/gcc/avr/4.8.1/../../../../avr/lib/avr5\libm.a(ldexp.o)
                0x00002f72                ldexp
 .text.avr-libc.fplib
                0x00002fda       0x8a c:/winavr-20100110/bin/../lib/gcc/avr/4.8.1/../../../../avr/lib/avr5\libm.a(log.o)
                0x00002fe4                log
 .text.avr-libc.fplib
                0x00003064       0x66 c:/winavr-20100110/bin/../lib/gcc/avr/4.8.1/../../../../avr/lib/avr5\libm.a(modf.o)
                0x00003064                modf
                0x00003064                modff
 .text.avr-libc.fplib
                0x000030ca        0x4 c:/winavr-20100110/bin/../lib/gcc/avr/4.8.1/../../../../avr/lib/avr5\libm.a(mulsf3.o)
                0x000030ca                __mulsf3
 .text.avr-libc.fplib
                0x000030ce       0xc2 c:/winavr-20100110/bin/../lib/gcc/avr/4.8.1/../../../../avr/lib/avr5\libm.a(mulsf3x.o)
                0x000030e2                __mulsf3x
                0x000030e6                __mulsf3_pse
 .text.avr-libc.fplib
                0x00003190       0x1c c:/winavr-20100110/bin/../lib/gcc/avr/4.8.1/../../../../avr/lib/avr5\libm.a(fp_mpack.o)
                0x00003190                __fp_mpack
                0x00003194                __fp_mpack_finite
 .text.avr-libc
                0x000031ac       0x42 c:/winavr-20100110/bin/../lib/gcc/avr/4.8.1/../../../../avr/lib/avr5\libc.a(dtostrf.o)
                0x000031ac                dtostrf
 .text.avr-libc
                0x000031ee       0x16 c:/winavr-20100110/bin/../lib/gcc/avr/4.8.1/../../../../avr/lib/avr5\libc.a(itoa.o)
                0x000031ee                __itoa
                0x000031ee                itoa
 .text.avr-libc
                0x00003204       0x16 c:/winavr-20100110/bin/../lib/gcc/avr/4.8.1/../../../../avr/lib/avr5\libc.a(itoa_ncheck.o)
                0x00003204                __itoa_ncheck
 .text.avr-libc
                0x0000321a       0x1e c:/winavr-20100110/bin/../lib/gcc/avr/4.8.1/../../../../avr/lib/avr5\libc.a(ltoa_ncheck.o)
                0x0000321a                __ltoa_ncheck
 .text.avr-libc
                0x00003238       0x44 c:/winavr-20100110/bin/../lib/gcc/avr/4.8.1/../../../../avr/lib/avr5\libc.a(ultoa_ncheck.o)
                0x00003238                __ultoa_ncheck
                0x0000323a                __ultoa_common
 .text.avr-libc
                0x0000327c       0x34 c:/winavr-20100110/bin/../lib/gcc/avr/4.8.1/../../../../avr/lib/avr5\libc.a(utoa_ncheck.o)
                0x0000327c                __utoa_ncheck
                0x0000327e                __utoa_common
 .text.avr-libc
                0x000032b0       0x44 c:/winavr-20100110/bin/../lib/gcc/avr/4.8.1/../../../../avr/lib/avr5\libc.a(sprintf.o)
                0x000032b0                sprintf
 .text.avr-libc
                0x000032f4      0x3a4 c:/winavr-20100110/bin/../lib/gcc/avr/4.8.1/../../../../avr/lib/avr5\libc.a(vfprintf_std.o)
                0x000032f4                vfprintf
 .text.avr-libc
                0x00003698       0x20 c:/winavr-20100110/bin/../lib/gcc/avr/4.8.1/../../../../avr/lib/avr5\libc.a(eerd_block_atmega168.o)
                0x00003698                __eerd_block_m168
                0x0000369c                __eerd_blraw_m168
 .text.avr-libc
                0x000036b8       0x10 c:/winavr-20100110/bin/../lib/gcc/avr/4.8.1/../../../../avr/lib/avr5\libc.a(eerd_byte_atmega168.o)
                0x000036b8                __eerd_byte_m168
 .text.avr-libc
                0x000036c8        0xc c:/winavr-20100110/bin/../lib/gcc/avr/4.8.1/../../../../avr/lib/avr5\libc.a(eerd_word_atmega168.o)
                0x000036c8                __eerd_word_m168
 .text.avr-libc
                0x000036d4       0x14 c:/winavr-20100110/bin/../lib/gcc/avr/4.8.1/../../../../avr/lib/avr5\libc.a(eewr_block_atmega168.o)
                0x000036d4                __eewr_block_m168
 .text.avr-libc
                0x000036e8       0x1c c:/winavr-20100110/bin/../lib/gcc/avr/4.8.1/../../../../avr/lib/avr5\libc.a(eewr_byte_atmega168.o)
                0x000036e8                __eewr_byte_m168
                0x000036ea                __eewr_r18_m168
 .text.avr-libc
                0x00003704        0xa c:/winavr-20100110/bin/../lib/gcc/avr/4.8.1/../../../../avr/lib/avr5\libc.a(eewr_word_atmega168.o)
                0x00003704                __eewr_word_m168
 .text.avr-libc
                0x0000370e      0x2fc c:/winavr-20100110/bin/../lib/gcc/avr/4.8.1/../../../../avr/lib/avr5\libc.a(dtoa_prf.o)
                0x0000370e                dtoa_prf
 .text.avr-libc
                0x00003a0a      0x1b0 c:/winavr-20100110/bin/../lib/gcc/avr/4.8.1/../../../../avr/lib/avr5\libc.a(ftoa_engine.o)
                0x00003a0a                __ftoa_engine
 .text.avr-libc
                0x00003bba       0x16 c:/winavr-20100110/bin/../lib/gcc/avr/4.8.1/../../../../avr/lib/avr5\libc.a(strnlen_P.o)
                0x00003bba                strnlen_P
 .text.avr-libc
                0x00003bd0       0x16 c:/winavr-20100110/bin/../lib/gcc/avr/4.8.1/../../../../avr/lib/avr5\libc.a(strnlen.o)
                0x00003bd0                strnlen
 .text.avr-libc
                0x00003be6       0x20 c:/winavr-20100110/bin/../lib/gcc/avr/4.8.1/../../../../avr/lib/avr5\libc.a(strrev.o)
                0x00003be6                strrev
 .text.avr-libc
                0x00003c06       0x64 c:/winavr-20100110/bin/../lib/gcc/avr/4.8.1/../../../../avr/lib/avr5\libc.a(fputc.o)
                0x00003c06                fputc
 .text.avr-libc
                0x00003c6a       0xbc c:/winavr-20100110/bin/../lib/gcc/avr/4.8.1/../../../../avr/lib/avr5\libc.a(ultoa_invert.o)
                0x00003c6a                __ultoa_invert
 .text.libgcc.mul
                0x00003d26        0x0 c:/winavr-20100110/bin/../lib/gcc/avr/4.8.1/avr5\libgcc.a(_prologue.o)
 .text.libgcc.div
                0x00003d26        0x0 c:/winavr-20100110/bin/../lib/gcc/avr/4.8.1/avr5\libgcc.a(_prologue.o)
 .text.libgcc   0x00003d26        0x0 c:/winavr-20100110/bin/../lib/gcc/avr/4.8.1/avr5\libgcc.a(_prologue.o)
 .text.libgcc.prologue
                0x00003d26       0x38 c:/winavr-20100110/bin/../lib/gcc/avr/4.8.1/avr5\libgcc.a(_prologue.o)
                0x00003d26                __prologue_saves__
 .text.libgcc.builtins
                0x00003d5e        0x0 c:/winavr-20100110/bin/../lib/gcc/avr/4.8.1/avr5\libgcc.a(_prologue.o)
 .text.libgcc.fmul
                0x00003d5e        0x0 c:/winavr-20100110/bin/../lib/gcc/avr/4.8.1/avr5\libgcc.a(_prologue.o)
 .text.libgcc.fixed
                0x00003d5e        0x0 c:/winavr-20100110/bin/../lib/gcc/avr/4.8.1/avr5\libgcc.a(_prologue.o)
 .text.libgcc.mul
                0x00003d5e        0x0 c:/winavr-20100110/bin/../lib/gcc/avr/4.8.1/avr5\libgcc.a(_epilogue.o)
 .text.libgcc.div
                0x00003d5e        0x0 c:/winavr-20100110/bin/../lib/gcc/avr/4.8.1/avr5\libgcc.a(_epilogue.o)
 .text.libgcc   0x00003d5e        0x0 c:/winavr-20100110/bin/../lib/gcc/avr/4.8.1/avr5\libgcc.a(_epilogue.o)
 .text.libgcc.prologue
                0x00003d5e       0x36 c:/winavr-20100110/bin/../lib/gcc/avr/4.8.1/avr5\libgcc.a(_epilogue.o)
                0x00003d5e                __epilogue_restores__
 .text.libgcc.builtins
                0x00003d94        0x0 c:/winavr-20100110/bin/../lib/gcc/avr/4.8.1/avr5\libgcc.a(_epilogue.o)
 .text.libgcc.fmul
                0x00003d94        0x0 c:/winavr-20100110/bin/../lib/gcc/avr/4.8.1/avr5\libgcc.a(_epilogue.o)
 .text.libgcc.fixed
                0x00003d94        0x0 c:/winavr-20100110/bin/../lib/gcc/avr/4.8.1/avr5\libgcc.a(_epilogue.o)
                0x00003d94                . = ALIGN (0x2)
 *(.fini9)
 .fini9         0x00003d94        0x0 c:/winavr-20100110/bin/../lib/gcc/avr/4.8.1/avr5\libgcc.a(_exit.o)
                0x00003d94                _exit
                0x00003d94                exit
 *(.fini9)
 *(.fini8)
 *(.fini8)
 *(.fini7)
 *(.fini7)
 *(.fini6)
 *(.fini6)
 *(.fini5)
 *(.fini5)
 *(.fini4)
 *(.fini4)
 *(.fini3)
 *(.fini3)
 *(.fini2)
 *(.fini2)
 *(.fini1)
 *(.fini1)
 *(.fini0)
 .fini0         0x00003d94        0x4 c:/winavr-20100110/bin/../lib/gcc/avr/4.8.1/avr5\libgcc.a(_exit.o)
 *(.fini0)
                0x00003d98                _etext = .

.data           0x00800100       0xf8 load address 0x00003d98
                0x00800100                PROVIDE (__data_start, .)
 *(.data)
 .data          0x00800100        0x0 c:/winavr-20100110/bin/../lib/gcc/avr/4.8.1/../../../../avr/lib/avr5/crtm168.o
 .data          0x00800100        0x0 main.o
 .data          0x00800100        0x0 crc.o
 .data          0x00800100        0x0 delay.o
 .data          0x00800100        0x0 ds18x20.o
 .data          0x00800100        0x0 lcd.o
 .data          0x00800100        0x0 owi_highlevel.o
 .data          0x00800100        0x0 owi_lowlevel.o
 .data          0x00800100        0x0 uart.o
 .data          0x00800100       0x1a ds2415.o
                0x00800100                accum_days
 .data          0x0080011a        0x0 bmp085.o
 .data          0x0080011a        0x0 twimaster.o
 .data          0x0080011a        0x0 c:/winavr-20100110/bin/../lib/gcc/avr/4.8.1/avr5\libgcc.a(_mulsi3.o)
 .data          0x0080011a        0x0 c:/winavr-20100110/bin/../lib/gcc/avr/4.8.1/avr5\libgcc.a(_divmodhi4.o)
 .data          0x0080011a        0x0 c:/winavr-20100110/bin/../lib/gcc/avr/4.8.1/avr5\libgcc.a(_udivmodsi4.o)
 .data          0x0080011a        0x0 c:/winavr-20100110/bin/../lib/gcc/avr/4.8.1/avr5\libgcc.a(_divmodsi4.o)
 .data          0x0080011a        0x0 c:/winavr-20100110/bin/../lib/gcc/avr/4.8.1/avr5\libgcc.a(_negsi2.o)
 .data          0x0080011a        0x0 c:/winavr-20100110/bin/../lib/gcc/avr/4.8.1/avr5\libgcc.a(_exit.o)
 .data          0x0080011a        0x0 c:/winavr-20100110/bin/../lib/gcc/avr/4.8.1/avr5\libgcc.a(_copy_data.o)
 .data          0x0080011a        0x0 c:/winavr-20100110/bin/../lib/gcc/avr/4.8.1/avr5\libgcc.a(_clear_bss.o)
 .data          0x0080011a        0x0 c:/winavr-20100110/bin/../lib/gcc/avr/4.8.1/avr5\libgcc.a(_umulhisi3.o)
 .data          0x0080011a        0x0 c:/winavr-20100110/bin/../lib/gcc/avr/4.8.1/avr5\libgcc.a(_muluhisi3.o)
 .data          0x0080011a        0x0 c:/winavr-20100110/bin/../lib/gcc/avr/4.8.1/avr5\libgcc.a(_mulshisi3.o)
 .data          0x0080011a        0x0 c:/winavr-20100110/bin/../lib/gcc/avr/4.8.1/avr5\libgcc.a(_udivmodhi4.o)
 .data          0x0080011a        0x0 c:/winavr-20100110/bin/../lib/gcc/avr/4.8.1/../../../../avr/lib/avr5\libm.a(addsf3.o)
 .data          0x0080011a        0x0 c:/winavr-20100110/bin/../lib/gcc/avr/4.8.1/../../../../avr/lib/avr5\libm.a(addsf3x.o)
 .data          0x0080011a        0x0 c:/winavr-20100110/bin/../lib/gcc/avr/4.8.1/../../../../avr/lib/avr5\libm.a(divsf3.o)
 .data          0x0080011a        0x0 c:/winavr-20100110/bin/../lib/gcc/avr/4.8.1/../../../../avr/lib/avr5\libm.a(divsf3x.o)
 .data          0x0080011a        0x0 c:/winavr-20100110/bin/../lib/gcc/avr/4.8.1/../../../../avr/lib/avr5\libm.a(floatsisf.o)
 .data          0x0080011a        0x0 c:/winavr-20100110/bin/../lib/gcc/avr/4.8.1/../../../../avr/lib/avr5\libm.a(fp_inf.o)
 .data          0x0080011a        0x0 c:/winavr-20100110/bin/../lib/gcc/avr/4.8.1/../../../../avr/lib/avr5\libm.a(fp_nan.o)
 .data          0x0080011a        0x0 c:/winavr-20100110/bin/../lib/gcc/avr/4.8.1/../../../../avr/lib/avr5\libm.a(fp_pscA.o)
 .data          0x0080011a        0x0 c:/winavr-20100110/bin/../lib/gcc/avr/4.8.1/../../../../avr/lib/avr5\libm.a(fp_pscB.o)
 .data          0x0080011a        0x0 c:/winavr-20100110/bin/../lib/gcc/avr/4.8.1/../../../../avr/lib/avr5\libm.a(fp_round.o)
 .data          0x0080011a        0x0 c:/winavr-20100110/bin/../lib/gcc/avr/4.8.1/../../../../avr/lib/avr5\libm.a(fp_split3.o)
 .data          0x0080011a        0x0 c:/winavr-20100110/bin/../lib/gcc/avr/4.8.1/../../../../avr/lib/avr5\libm.a(fp_zero.o)
 .data          0x0080011a        0x0 c:/winavr-20100110/bin/../lib/gcc/avr/4.8.1/../../../../avr/lib/avr5\libm.a(pow.o)
 .data          0x0080011a        0x0 c:/winavr-20100110/bin/../lib/gcc/avr/4.8.1/../../../../avr/lib/avr5\libm.a(exp.o)
 .data          0x0080011a        0x0 c:/winavr-20100110/bin/../lib/gcc/avr/4.8.1/../../../../avr/lib/avr5\libm.a(fp_powser.o)
 .data          0x0080011a        0x0 c:/winavr-20100110/bin/../lib/gcc/avr/4.8.1/../../../../avr/lib/avr5\libm.a(inverse.o)
 .data          0x0080011a        0x0 c:/winavr-20100110/bin/../lib/gcc/avr/4.8.1/../../../../avr/lib/avr5\libm.a(ldexp.o)
 .data          0x0080011a        0x0 c:/winavr-20100110/bin/../lib/gcc/avr/4.8.1/../../../../avr/lib/avr5\libm.a(log.o)
 .data          0x0080011a        0x0 c:/winavr-20100110/bin/../lib/gcc/avr/4.8.1/../../../../avr/lib/avr5\libm.a(modf.o)
 .data          0x0080011a        0x0 c:/winavr-20100110/bin/../lib/gcc/avr/4.8.1/../../../../avr/lib/avr5\libm.a(mulsf3.o)
 .data          0x0080011a        0x0 c:/winavr-20100110/bin/../lib/gcc/avr/4.8.1/../../../../avr/lib/avr5\libm.a(mulsf3x.o)
 .data          0x0080011a        0x0 c:/winavr-20100110/bin/../lib/gcc/avr/4.8.1/../../../../avr/lib/avr5\libm.a(fp_mpack.o)
 .data          0x0080011a        0x0 c:/winavr-20100110/bin/../lib/gcc/avr/4.8.1/../../../../avr/lib/avr5\libc.a(dtostrf.o)
 .data          0x0080011a        0x0 c:/winavr-20100110/bin/../lib/gcc/avr/4.8.1/../../../../avr/lib/avr5\libc.a(itoa.o)
 .data          0x0080011a        0x0 c:/winavr-20100110/bin/../lib/gcc/avr/4.8.1/../../../../avr/lib/avr5\libc.a(itoa_ncheck.o)
 .data          0x0080011a        0x0 c:/winavr-20100110/bin/../lib/gcc/avr/4.8.1/../../../../avr/lib/avr5\libc.a(ltoa_ncheck.o)
 .data          0x0080011a        0x0 c:/winavr-20100110/bin/../lib/gcc/avr/4.8.1/../../../../avr/lib/avr5\libc.a(ultoa_ncheck.o)
 .data          0x0080011a        0x0 c:/winavr-20100110/bin/../lib/gcc/avr/4.8.1/../../../../avr/lib/avr5\libc.a(utoa_ncheck.o)
 .data          0x0080011a        0x0 c:/winavr-20100110/bin/../lib/gcc/avr/4.8.1/../../../../avr/lib/avr5\libc.a(sprintf.o)
 .data          0x0080011a        0x0 c:/winavr-20100110/bin/../lib/gcc/avr/4.8.1/../../../../avr/lib/avr5\libc.a(vfprintf_std.o)
 .data          0x0080011a        0x0 c:/winavr-20100110/bin/../lib/gcc/avr/4.8.1/../../../../avr/lib/avr5\libc.a(eerd_block_atmega168.o)
 .data          0x0080011a        0x0 c:/winavr-20100110/bin/../lib/gcc/avr/4.8.1/../../../../avr/lib/avr5\libc.a(eerd_byte_atmega168.o)
 .data          0x0080011a        0x0 c:/winavr-20100110/bin/../lib/gcc/avr/4.8.1/../../../../avr/lib/avr5\libc.a(eerd_word_atmega168.o)
 .data          0x0080011a        0x0 c:/winavr-20100110/bin/../lib/gcc/avr/4.8.1/../../../../avr/lib/avr5\libc.a(eewr_block_atmega168.o)
 .data          0x0080011a        0x0 c:/winavr-20100110/bin/../lib/gcc/avr/4.8.1/../../../../avr/lib/avr5\libc.a(eewr_byte_atmega168.o)
 .data          0x0080011a        0x0 c:/winavr-20100110/bin/../lib/gcc/avr/4.8.1/../../../../avr/lib/avr5\libc.a(eewr_word_atmega168.o)
 .data          0x0080011a        0x0 c:/winavr-20100110/bin/../lib/gcc/avr/4.8.1/../../../../avr/lib/avr5\libc.a(dtoa_prf.o)
 .data          0x0080011a        0x0 c:/winavr-20100110/bin/../lib/gcc/avr/4.8.1/../../../../avr/lib/avr5\libc.a(ftoa_engine.o)
 .data          0x0080011a        0x0 c:/winavr-20100110/bin/../lib/gcc/avr/4.8.1/../../../../avr/lib/avr5\libc.a(strnlen_P.o)
 .data          0x0080011a        0x0 c:/winavr-20100110/bin/../lib/gcc/avr/4.8.1/../../../../avr/lib/avr5\libc.a(strnlen.o)
 .data          0x0080011a        0x0 c:/winavr-20100110/bin/../lib/gcc/avr/4.8.1/../../../../avr/lib/avr5\libc.a(strrev.o)
 .data          0x0080011a        0x0 c:/winavr-20100110/bin/../lib/gcc/avr/4.8.1/../../../../avr/lib/avr5\libc.a(fputc.o)
 .data          0x0080011a        0x0 c:/winavr-20100110/bin/../lib/gcc/avr/4.8.1/../../../../avr/lib/avr5\libc.a(ultoa_invert.o)
 .data          0x0080011a        0x0 c:/winavr-20100110/bin/../lib/gcc/avr/4.8.1/avr5\libgcc.a(_prologue.o)
 .data          0x0080011a        0x0 c:/winavr-20100110/bin/../lib/gcc/avr/4.8.1/avr5\libgcc.a(_epilogue.o)
 *(.data*)
 *(.rodata)
 .rodata        0x0080011a        0x8 ds18x20.o
 *(.rodata*)
 .rodata.str1.1
                0x00800122       0xd6 main.o
 *(.gnu.linkonce.d*)
                0x008001f8                . = ALIGN (0x2)
                0x008001f8                _edata = .
                0x008001f8                PROVIDE (__data_end, .)

.bss            0x008001f8      0x161
                0x008001f8                PROVIDE (__bss_start, .)
 *(.bss)
 .bss           0x008001f8        0x0 c:/winavr-20100110/bin/../lib/gcc/avr/4.8.1/../../../../avr/lib/avr5/crtm168.o
 .bss           0x008001f8        0x8 main.o
 .bss           0x00800200        0x0 crc.o
 .bss           0x00800200        0x0 delay.o
 .bss           0x00800200        0x0 ds18x20.o
 .bss           0x00800200        0x0 lcd.o
 .bss           0x00800200        0x0 owi_highlevel.o
 .bss           0x00800200        0x0 owi_lowlevel.o
 .bss           0x00800200       0x45 uart.o
 .bss           0x00800245        0x0 ds2415.o
 .bss           0x00800245       0x54 bmp085.o
 .bss           0x00800299        0x0 twimaster.o
 .bss           0x00800299        0x0 c:/winavr-20100110/bin/../lib/gcc/avr/4.8.1/avr5\libgcc.a(_mulsi3.o)
 .bss           0x00800299        0x0 c:/winavr-20100110/bin/../lib/gcc/avr/4.8.1/avr5\libgcc.a(_divmodhi4.o)
 .bss           0x00800299        0x0 c:/winavr-20100110/bin/../lib/gcc/avr/4.8.1/avr5\libgcc.a(_udivmodsi4.o)
 .bss           0x00800299        0x0 c:/winavr-20100110/bin/../lib/gcc/avr/4.8.1/avr5\libgcc.a(_divmodsi4.o)
 .bss           0x00800299        0x0 c:/winavr-20100110/bin/../lib/gcc/avr/4.8.1/avr5\libgcc.a(_negsi2.o)
 .bss           0x00800299        0x0 c:/winavr-20100110/bin/../lib/gcc/avr/4.8.1/avr5\libgcc.a(_exit.o)
 .bss           0x00800299        0x0 c:/winavr-20100110/bin/../lib/gcc/avr/4.8.1/avr5\libgcc.a(_copy_data.o)
 .bss           0x00800299        0x0 c:/winavr-20100110/bin/../lib/gcc/avr/4.8.1/avr5\libgcc.a(_clear_bss.o)
 .bss           0x00800299        0x0 c:/winavr-20100110/bin/../lib/gcc/avr/4.8.1/avr5\libgcc.a(_umulhisi3.o)
 .bss           0x00800299        0x0 c:/winavr-20100110/bin/../lib/gcc/avr/4.8.1/avr5\libgcc.a(_muluhisi3.o)
 .bss           0x00800299        0x0 c:/winavr-20100110/bin/../lib/gcc/avr/4.8.1/avr5\libgcc.a(_mulshisi3.o)
 .bss           0x00800299        0x0 c:/winavr-20100110/bin/../lib/gcc/avr/4.8.1/avr5\libgcc.a(_udivmodhi4.o)
 .bss           0x00800299        0x0 c:/winavr-20100110/bin/../lib/gcc/avr/4.8.1/../../../../avr/lib/avr5\libm.a(addsf3.o)
 .bss           0x00800299        0x0 c:/winavr-20100110/bin/../lib/gcc/avr/4.8.1/../../../../avr/lib/avr5\libm.a(addsf3x.o)
 .bss           0x00800299        0x0 c:/winavr-20100110/bin/../lib/gcc/avr/4.8.1/../../../../avr/lib/avr5\libm.a(divsf3.o)
 .bss           0x00800299        0x0 c:/winavr-20100110/bin/../lib/gcc/avr/4.8.1/../../../../avr/lib/avr5\libm.a(divsf3x.o)
 .bss           0x00800299        0x0 c:/winavr-20100110/bin/../lib/gcc/avr/4.8.1/../../../../avr/lib/avr5\libm.a(floatsisf.o)
 .bss           0x00800299        0x0 c:/winavr-20100110/bin/../lib/gcc/avr/4.8.1/../../../../avr/lib/avr5\libm.a(fp_inf.o)
 .bss           0x00800299        0x0 c:/winavr-20100110/bin/../lib/gcc/avr/4.8.1/../../../../avr/lib/avr5\libm.a(fp_nan.o)
 .bss           0x00800299        0x0 c:/winavr-20100110/bin/../lib/gcc/avr/4.8.1/../../../../avr/lib/avr5\libm.a(fp_pscA.o)
 .bss           0x00800299        0x0 c:/winavr-20100110/bin/../lib/gcc/avr/4.8.1/../../../../avr/lib/avr5\libm.a(fp_pscB.o)
 .bss           0x00800299        0x0 c:/winavr-20100110/bin/../lib/gcc/avr/4.8.1/../../../../avr/lib/avr5\libm.a(fp_round.o)
 .bss           0x00800299        0x0 c:/winavr-20100110/bin/../lib/gcc/avr/4.8.1/../../../../avr/lib/avr5\libm.a(fp_split3.o)
 .bss           0x00800299        0x0 c:/winavr-20100110/bin/../lib/gcc/avr/4.8.1/../../../../avr/lib/avr5\libm.a(fp_zero.o)
 .bss           0x00800299        0x0 c:/winavr-20100110/bin/../lib/gcc/avr/4.8.1/../../../../avr/lib/avr5\libm.a(pow.o)
 .bss           0x00800299        0x0 c:/winavr-20100110/bin/../lib/gcc/avr/4.8.1/../../../../avr/lib/avr5\libm.a(exp.o)
 .bss           0x00800299        0x0 c:/winavr-20100110/bin/../lib/gcc/avr/4.8.1/../../../../avr/lib/avr5\libm.a(fp_powser.o)
 .bss           0x00800299        0x0 c:/winavr-20100110/bin/../lib/gcc/avr/4.8.1/../../../../avr/lib/avr5\libm.a(inverse.o)
 .bss           0x00800299        0x0 c:/winavr-20100110/bin/../lib/gcc/avr/4.8.1/../../../../avr/lib/avr5\libm.a(ldexp.o)
 .bss           0x00800299        0x0 c:/winavr-20100110/bin/../lib/gcc/avr/4.8.1/../../../../avr/lib/avr5\libm.a(log.o)
 .bss           0x00800299        0x0 c:/winavr-20100110/bin/../lib/gcc/avr/4.8.1/../../../../avr/lib/avr5\libm.a(modf.o)
 .bss           0x00800299        0x0 c:/winavr-20100110/bin/../lib/gcc/avr/4.8.1/../../../../avr/lib/avr5\libm.a(mulsf3.o)
 .bss           0x00800299        0x0 c:/winavr-20100110/bin/../lib/gcc/avr/4.8.1/../../../../avr/lib/avr5\libm.a(mulsf3x.o)
 .bss           0x00800299        0x0 c:/winavr-20100110/bin/../lib/gcc/avr/4.8.1/../../../../avr/lib/avr5\libm.a(fp_mpack.o)
 .bss           0x00800299        0x0 c:/winavr-20100110/bin/../lib/gcc/avr/4.8.1/../../../../avr/lib/avr5\libc.a(dtostrf.o)
 .bss           0x00800299        0x0 c:/winavr-20100110/bin/../lib/gcc/avr/4.8.1/../../../../avr/lib/avr5\libc.a(itoa.o)
 .bss           0x00800299        0x0 c:/winavr-20100110/bin/../lib/gcc/avr/4.8.1/../../../../avr/lib/avr5\libc.a(itoa_ncheck.o)
 .bss           0x00800299        0x0 c:/winavr-20100110/bin/../lib/gcc/avr/4.8.1/../../../../avr/lib/avr5\libc.a(ltoa_ncheck.o)
 .bss           0x00800299        0x0 c:/winavr-20100110/bin/../lib/gcc/avr/4.8.1/../../../../avr/lib/avr5\libc.a(ultoa_ncheck.o)
 .bss           0x00800299        0x0 c:/winavr-20100110/bin/../lib/gcc/avr/4.8.1/../../../../avr/lib/avr5\libc.a(utoa_ncheck.o)
 .bss           0x00800299        0x0 c:/winavr-20100110/bin/../lib/gcc/avr/4.8.1/../../../../avr/lib/avr5\libc.a(sprintf.o)
 .bss           0x00800299        0x0 c:/winavr-20100110/bin/../lib/gcc/avr/4.8.1/../../../../avr/lib/avr5\libc.a(vfprintf_std.o)
 .bss           0x00800299        0x0 c:/winavr-20100110/bin/../lib/gcc/avr/4.8.1/../../../../avr/lib/avr5\libc.a(eerd_block_atmega168.o)
 .bss           0x00800299        0x0 c:/winavr-20100110/bin/../lib/gcc/avr/4.8.1/../../../../avr/lib/avr5\libc.a(eerd_byte_atmega168.o)
 .bss           0x00800299        0x0 c:/winavr-20100110/bin/../lib/gcc/avr/4.8.1/../../../../avr/lib/avr5\libc.a(eerd_word_atmega168.o)
 .bss           0x00800299        0x0 c:/winavr-20100110/bin/../lib/gcc/avr/4.8.1/../../../../avr/lib/avr5\libc.a(eewr_block_atmega168.o)
 .bss           0x00800299        0x0 c:/winavr-20100110/bin/../lib/gcc/avr/4.8.1/../../../../avr/lib/avr5\libc.a(eewr_byte_atmega168.o)
 .bss           0x00800299        0x0 c:/winavr-20100110/bin/../lib/gcc/avr/4.8.1/../../../../avr/lib/avr5\libc.a(eewr_word_atmega168.o)
 .bss           0x00800299        0x0 c:/winavr-20100110/bin/../lib/gcc/avr/4.8.1/../../../../avr/lib/avr5\libc.a(dtoa_prf.o)
 .bss           0x00800299        0x0 c:/winavr-20100110/bin/../lib/gcc/avr/4.8.1/../../../../avr/lib/avr5\libc.a(ftoa_engine.o)
 .bss           0x00800299        0x0 c:/winavr-20100110/bin/../lib/gcc/avr/4.8.1/../../../../avr/lib/avr5\libc.a(strnlen_P.o)
 .bss           0x00800299        0x0 c:/winavr-20100110/bin/../lib/gcc/avr/4.8.1/../../../../avr/lib/avr5\libc.a(strnlen.o)
 .bss           0x00800299        0x0 c:/winavr-20100110/bin/../lib/gcc/avr/4.8.1/../../../../avr/lib/avr5\libc.a(strrev.o)
 .bss           0x00800299        0x0 c:/winavr-20100110/bin/../lib/gcc/avr/4.8.1/../../../../avr/lib/avr5\libc.a(fputc.o)
 .bss           0x00800299        0x0 c:/winavr-20100110/bin/../lib/gcc/avr/4.8.1/../../../../avr/lib/avr5\libc.a(ultoa_invert.o)
 .bss           0x00800299        0x0 c:/winavr-20100110/bin/../lib/gcc/avr/4.8.1/avr5\libgcc.a(_prologue.o)
 .bss           0x00800299        0x0 c:/winavr-20100110/bin/../lib/gcc/avr/4.8.1/avr5\libgcc.a(_epilogue.o)
 *(.bss*)
 *(COMMON)
 COMMON         0x00800299       0xc0 main.o
                0x00800299                gReadings_old
                0x008002a9                bmp085_regac4
                0x008002ab                gBacklight
                0x008002ac                gBuffer
                0x008002c1                bmp085_regb2
                0x008002c3                gRTC_ID
                0x008002cb                bmp085_rawpressure
                0x008002cf                bmp085_regac3
                0x008002d1                l
                0x008002d5                bmp085_rawtemperature
                0x008002d9                bmp085_regb1
                0x008002db                bmp085_regac6
                0x008002dd                bmp085_regmd
                0x008002df                gRTC
                0x008002e7                bmp085_regac1
                0x008002e9                g1Wire_order
                0x008002f1                d
                0x008002f5                gLog_interval
                0x008002f7                bmp085_regmb
                0x008002f9                bmp085_regac5
                0x008002fb                bmp085_regmc
                0x008002fd                gSensorIDs
                0x0080033d                bmp085_regac2
                0x0080033f                gReadings
                0x0080034f                printbuff
                0x00800359                PROVIDE (__bss_end, .)
                0x00003d98                __data_load_start = LOADADDR (.data)
                0x00003e90                __data_load_end = (__data_load_start + SIZEOF (.data))

.noinit         0x00800359        0x0
                0x00800359                PROVIDE (__noinit_start, .)
 *(.noinit*)
                0x00800359                PROVIDE (__noinit_end, .)
                0x00800359                _end = .
                0x00800359                PROVIDE (__heap_start, .)

.eeprom         0x00810000       0x4c
 *(.eeprom*)
 .eeprom        0x00810000       0x4c main.o
                0x00810000                nvgSensorIDs8
                0x00810008                nvgSensorIDs7
                0x00810010                nvgSensorIDs6
                0x00810018                nvgSensorIDs5
                0x00810020                nvgSensorIDs4
                0x00810028                nvgSensorIDs3
                0x00810030                nvgSensorIDs2
                0x00810038                nvgSensorIDs1
                0x00810040                nv1Wire_order
                0x00810048                nvNum_sensors
                0x00810049                nvBacklight
                0x0081004a                nvLog_interval
                0x0081004c                __eeprom_end = .

.fuse
 *(.fuse)
 *(.lfuse)
 *(.hfuse)
 *(.efuse)

.lock
 *(.lock*)

.signature
 *(.signature*)

.user_signatures
 *(.user_signatures*)

.stab
 *(.stab)

.stabstr
 *(.stabstr)

.stab.excl
 *(.stab.excl)

.stab.exclstr
 *(.stab.exclstr)

.stab.index
 *(.stab.index)

.stab.indexstr
 *(.stab.indexstr)

.comment        0x00000000       0x5c
 *(.comment)
 .comment       0x00000000       0x30 main.o
                                 0x31 (size before relaxing)
 .comment       0x00000000       0x31 crc.o
 .comment       0x00000000       0x31 delay.o
 .comment       0x00000000       0x31 ds18x20.o
 .comment       0x00000000       0x31 lcd.o
 .comment       0x00000000       0x31 owi_highlevel.o
 .comment       0x00000000       0x31 owi_lowlevel.o
 .comment       0x00000000       0x31 uart.o
 .comment       0x00000000       0x31 ds2415.o
 .comment       0x00000000       0x31 bmp085.o
 .comment       0x00000000       0x31 twimaster.o
 .comment       0x00000000       0x31 c:/winavr-20100110/bin/../lib/gcc/avr/4.8.1/../../../../avr/lib/avr5\libc.a(dtostrf.o)
 .comment       0x00000000       0x31 c:/winavr-20100110/bin/../lib/gcc/avr/4.8.1/../../../../avr/lib/avr5\libc.a(sprintf.o)
 .comment       0x00000030       0x2c c:/winavr-20100110/bin/../lib/gcc/avr/4.8.1/../../../../avr/lib/avr5\libc.a(vfprintf_std.o)
                                 0x2d (size before relaxing)
 .comment       0x00000000       0x31 c:/winavr-20100110/bin/../lib/gcc/avr/4.8.1/../../../../avr/lib/avr5\libc.a(dtoa_prf.o)
 .comment       0x00000000       0x31 c:/winavr-20100110/bin/../lib/gcc/avr/4.8.1/../../../../avr/lib/avr5\libc.a(fputc.o)

.note.gnu.build-id
 *(.note.gnu.build-id)

.debug
 *(.debug)

.line
 *(.line)

.debug_srcinfo
 *(.debug_srcinfo)

.debug_sfnames
 *(.debug_sfnames)

.debug_aranges  0x00000000      0x168
 *(.debug_aranges)
 .debug_aranges
                0x00000000       0x28 main.o
 .debug_aranges
                0x00000028       0x20 crc.o
 .debug_aranges
                0x00000048       0x20 delay.o
 .debug_aranges
                0x00000068       0x20 ds18x20.o
 .debug_aranges
                0x00000088       0x20 lcd.o
 .debug_aranges
                0x000000a8       0x20 owi_highlevel.o
 .debug_aranges
                0x000000c8       0x20 owi_lowlevel.o
 .debug_aranges
                0x000000e8       0x20 uart.o
 .debug_aranges
                0x00000108       0x20 ds2415.o
 .debug_aranges
                0x00000128       0x20 bmp085.o
 .debug_aranges
                0x00000148       0x20 twimaster.o

.debug_pubnames
 *(.debug_pubnames)

.debug_info     0x00000000     0x3c3d
 *(.debug_info .gnu.linkonce.wi.*)
 .debug_info    0x00000000     0x19dd main.o
 .debug_info    0x000019dd      0x184 crc.o
 .debug_info    0x00001b61       0x8f delay.o
 .debug_info    0x00001bf0      0x2d9 ds18x20.o
 .debug_info    0x00001ec9      0x65e lcd.o
 .debug_info    0x00002527      0x244 owi_highlevel.o
 .debug_info    0x0000276b      0x1bb owi_lowlevel.o
 .debug_info    0x00002926      0x463 uart.o
 .debug_info    0x00002d89      0x3e3 ds2415.o
 .debug_info    0x0000316c      0x917 bmp085.o
 .debug_info    0x00003a83      0x1ba twimaster.o

.debug_abbrev   0x00000000     0x1045
 *(.debug_abbrev)
 .debug_abbrev  0x00000000      0x362 main.o
 .debug_abbrev  0x00000362       0xb2 crc.o
 .debug_abbrev  0x00000414       0x5e delay.o
 .debug_abbrev  0x00000472      0x148 ds18x20.o
 .debug_abbrev  0x000005ba      0x277 lcd.o
 .debug_abbrev  0x00000831       0xf6 owi_highlevel.o
 .debug_abbrev  0x00000927      0x10f owi_lowlevel.o
 .debug_abbrev  0x00000a36      0x16f uart.o
 .debug_abbrev  0x00000ba5      0x153 ds2415.o
 .debug_abbrev  0x00000cf8      0x267 bmp085.o
 .debug_abbrev  0x00000f5f       0xe6 twimaster.o

.debug_line     0x00000000      0xdda
 *(.debug_line .debug_line.* .debug_line_end)
 .debug_line    0x00000000      0x4f4 main.o
 .debug_line    0x000004f4       0x8d crc.o
 .debug_line    0x00000581       0x63 delay.o
 .debug_line    0x000005e4       0xe5 ds18x20.o
 .debug_line    0x000006c9      0x13b lcd.o
 .debug_line    0x00000804       0xc7 owi_highlevel.o
 .debug_line    0x000008cb       0xc8 owi_lowlevel.o
 .debug_line    0x00000993       0xcd uart.o
 .debug_line    0x00000a60       0xfb ds2415.o
 .debug_line    0x00000b5b      0x190 bmp085.o
 .debug_line    0x00000ceb       0xef twimaster.o

.debug_frame    0x00000000      0xaf0
 *(.debug_frame)
 .debug_frame   0x00000000      0x32c main.o
 .debug_frame   0x0000032c       0x34 crc.o
 .debug_frame   0x00000360       0x24 delay.o
 .debug_frame   0x00000384       0xa4 ds18x20.o
 .debug_frame   0x00000428      0x16c lcd.o
 .debug_frame   0x00000594       0xb4 owi_highlevel.o
 .debug_frame   0x00000648       0x6c owi_lowlevel.o
 .debug_frame   0x000006b4      0x128 uart.o
 .debug_frame   0x000007dc       0xec ds2415.o
 .debug_frame   0x000008c8      0x194 bmp085.o
 .debug_frame   0x00000a5c       0x94 twimaster.o

.debug_str      0x00000000      0xa6c
 *(.debug_str)
 .debug_str     0x00000000      0x5d2 main.o
                                0x61a (size before relaxing)
 .debug_str     0x000005d2       0x33 crc.o
                                0x178 (size before relaxing)
 .debug_str     0x00000605       0x11 delay.o
                                0x14b (size before relaxing)
 .debug_str     0x00000616       0x42 ds18x20.o
                                0x1da (size before relaxing)
 .debug_str     0x00000658       0xa7 lcd.o
                                0x25a (size before relaxing)
 .debug_str     0x000006ff       0x32 owi_highlevel.o
                                0x1a2 (size before relaxing)
 .debug_str     0x00000731       0x2c owi_lowlevel.o
                                0x17d (size before relaxing)
 .debug_str     0x0000075d       0xcc uart.o
                                0x271 (size before relaxing)
 .debug_str     0x00000829       0xaf ds2415.o
                                0x24a (size before relaxing)
 .debug_str     0x000008d8      0x16e bmp085.o
                                0x3a2 (size before relaxing)
 .debug_str     0x00000a46       0x26 twimaster.o
                                0x1a9 (size before relaxing)

.debug_loc      0x00000000     0x35cb
 *(.debug_loc)
 .debug_loc     0x00000000      0xfb8 main.o
 .debug_loc     0x00000fb8      0x22c crc.o
 .debug_loc     0x000011e4       0x1e delay.o
 .debug_loc     0x00001202      0x2b9 ds18x20.o
 .debug_loc     0x000014bb      0x61e lcd.o
 .debug_loc     0x00001ad9      0x38d owi_highlevel.o
 .debug_loc     0x00001e66       0xf6 owi_lowlevel.o
 .debug_loc     0x00001f5c      0x41a uart.o
 .debug_loc     0x00002376      0x589 ds2415.o
 .debug_loc     0x000028ff      0xbc3 bmp085.o
 .debug_loc     0x000034c2      0x109 twimaster.o

.debug_macinfo
 *(.debug_macinfo)

.debug_weaknames
 *(.debug_weaknames)

.debug_funcnames
 *(.debug_funcnames)

.debug_typenames
 *(.debug_typenames)

.debug_varnames
 *(.debug_varnames)

.debug_pubtypes
 *(.debug_pubtypes)

.debug_ranges   0x00000000       0x40
 *(.debug_ranges)
 .debug_ranges  0x00000000       0x18 main.o
 .debug_ranges  0x00000018       0x18 lcd.o
 .debug_ranges  0x00000030       0x10 owi_lowlevel.o

.debug_macro
 *(.debug_macro)
OUTPUT(8xDS18x20_BMP180_LCD_UART.elf elf32-avr)
LOAD linker stubs
